
> dormlink@0.1.0 test
> vitest src/services/__tests__/outingService.test.ts


[1m[44m DEV [49m[22m [34mv4.0.16 [39m[90mC:/Users/uplan/OneDrive/Desktop/dormlink[39m

node.exe : 
(node:30424) [MODULE_
TYPELESS_PACKAGE_JSON
] Warning: Module 
type of file:///C:/Us
ers/uplan/OneDrive/De
sktop/dormlink/postcs
s.config.js?t=1767807
038375 is not 
specified and it 
doesn't parse as 
CommonJS.
At line:1 char:1
+ & "C:\Program Files
\nodejs/node.exe" 
"C:\Program 
Files\nodejs/node_mo 
...
+ ~~~~~~~~~~~~~~~~~~~
~~~~~~~~~~~~~~~~~~~~~
~~~~~~~~~~~~~~~~~~~~~
~~~~~~~~
    + CategoryInfo   
           : NotSpe  
  cified: ((node:3   
 0424) [M...se as    
 CommonJS.:Strin    
g) [], RemoteExc    
eption
    + FullyQualified 
   ErrorId : Native  
  CommandError
 
Reparsing as ES 
module because 
module syntax was 
detected. This 
incurs a performance 
overhead.
To eliminate this 
warning, add "type": 
"module" to C:\Users\
uplan\OneDrive\Deskto
p\dormlink\package.js
on.
(Use `node 
--trace-warnings 
...` to show where 
the warning was 
created)
 [31mΓ¥»[39m src/services/__tests__/outingService.test.ts [2m([22m[2m4 tests[22m[2m | [22m[31m1 failed[39m[2m)[22m[32m 15[2mms[22m[39m
[31m       [31m├ù[31m generates approval link and token on request[39m[32m 10[2mms[22m[39m
       [32mΓ£ô[39m approves request when token is valid[32m 1[2mms[22m[39m
       [32mΓ£ô[39m throws error if token is invalid[32m 2[2mms[22m[39m
       [32mΓ£ô[39m throws error if request already processed[32m 0[2mms[22m[39m

[31mΓÄ»ΓÄ»ΓÄ»ΓÄ»ΓÄ»Γ
Ä»ΓÄ»[39m[1m[41m 
Failed Tests 1 [49m
[22m[31mΓÄ»ΓÄ»ΓÄ»ΓÄ»
ΓÄ»ΓÄ»ΓÄ»[39m

[41m[1m FAIL 
[22m[49m src/servic
es/__tests__/outingSe
rvice.test.ts[2m > 
[22mOuting 
Service[2m > [22mre
questOuting[2m > 
[22mgenerates 
approval link and 
token on request
[31m[1mAssertionErr
or[22m: expected 
"vi.fn()" to be 
called with 
arguments: [ 
Anything, ObjectConta
ining{ΓÇª} ][90m

Received: 

[1m  1st vi.fn() 
call:

[22m[2m  [[22m
[32m-   
Anything,[90m
[32m-   
ObjectContaining 
{[90m
[32m-     "guardianA
pprovalExpiresAt": 
Any<Date>,[90m
[32m-     "guardianA
pprovalLink": 
StringMatching /\/gua
rdian\/approve\/.+/,
[90m
[31m+   
undefined,[90m
[31m+   {[90m
[31m+     
"createdAt": 
undefined,[90m
[31m+     
"departureDate": 
"2026-01-01",[90m
[31m+     
"departureTime": 
"10:00",[90m
[31m+     "facultyAp
provalStatus": 
"pending",[90m
[31m+     "guardianA
pprovalExpiresAt": 20
26-01-09T17:30:39.868
Z,[90m
[31m+     "guardianA
pprovalLink": "http:/
/localhost:3000/guard
ian/approve/9ci7bvuho
sohkyc0hsztr7",[90m
[2m      "guardianAp
provalStatus": 
"pending",[22m
[32m-     "guardianA
pprovalToken": 
Any<String>,[90m
[31m+     "guardianA
pprovalToken": "9ci7b
vuhosohkyc0hsztr7",[
90m
[31m+     "reason": 
"Test",[90m
[31m+     
"selectedGuardian": 
{[90m
[31m+       
"email": "",[90m
[31m+       "name": 
"Dad",[90m
[31m+       
"phone": "123",[90m
[31m+       
"relation": 
"Father",[90m
[31m+     },[90m
[2m      "status": 
"requested",[22m
[31m+     
"studentName": "Test 
Student",[90m
[2m      "uid": 
"123",[22m
[2m    },[22m
[2m  ][22m
[31m[90m

Number of calls: 
[1m1[22m
[31m[39m
[36m [2mΓ¥»[22m sr
c/services/__tests__/
outingService.test.ts
:[2m51:28[22m[39m
    [90m 49| [39m  
          const 
resultId = await outi
ngService.requestOuti
ng(mockDatΓÇª
    [90m 50| [39m
    [90m 51| [39m  
          [34mexpect
[39m(addDoc)[33m.[
39m[34mtoHaveBeenCal
ledWith[39m(
    [90m   | [39m  
                     
    [31m^[39m
    [90m 52| [39m  
              expect
[33m.[39m[34manythi
ng[39m()[33m,[39m 
[90m// collection 
ref[39m
    [90m 53| [39m  
              expect
[33m.[39m[34mobject
Containing[39m({

[31m[2mΓÄ»ΓÄ»ΓÄ»ΓÄ»
ΓÄ»ΓÄ»ΓÄ»ΓÄ»ΓÄ»ΓÄ»ΓÄ»
ΓÄ»ΓÄ»ΓÄ»ΓÄ»ΓÄ»ΓÄ»ΓÄ»
ΓÄ»ΓÄ»ΓÄ»ΓÄ»ΓÄ»ΓÄ»[1/
1]ΓÄ»[22m[39m


[2m Test Files [22m [1m[31m1 failed[39m[22m[90m (1)[39m
[2m      Tests [22m [1m[31m1 failed[39m[22m[2m | [22m[1m[32m3 passed[39m[22m[90m (4)[39m
[2m   Start at [22m 23:00:38
[2m   Duration [22m 1.55s[2m (transform 197ms, setup 165ms, import 174ms, tests 15ms, environment 862ms)[22m

[1m[41m FAIL [49m[22m [31mTests failed. Watching for file changes...[39m
       [2mpress [22m[1mh[22m[2m to show help[22m[2m, [22m[2mpress [22m[1mq[22m[2m to quit[22m
c[3J[1m[44m RERUN [49m[22m [34m[2msrc/services/__tests__/outingService.test.ts [22m[34mx1 [34m[39m
       [2m Filename pattern: [22m[34msrc/services/__tests__/outingService.test.ts[39m


[31mΓÄ»ΓÄ»ΓÄ»ΓÄ»ΓÄ»Γ
Ä»[39m[1m[41m 
Failed Suites 1 [49m
[22m[31mΓÄ»ΓÄ»ΓÄ»ΓÄ
»ΓÄ»ΓÄ»ΓÄ»[39m

[41m[1m FAIL 
[22m[49m src/servic
es/__tests__/outingSe
rvice.test.ts[2m [ s
rc/services/__tests__
/outingService.test.t
s ][22m
[31m[1mError[22m: 
Transform failed 
with 1 error:
C:/Users/uplan/OneDri
ve/Desktop/dormlink/s
rc/services/__tests__
/outingService.test.t
s:113:0: ERROR: 
Unexpected "}"[39m
  Plugin: [35mvite:e
sbuild[39m
  File: [36mC:/Users
/uplan/OneDrive/Deskt
op/dormlink/src/servi
ces/__tests__/outingS
ervice.test.ts[39m:1
13:0
[33m  
  [33mUnexpected 
"}"[33m
  111 |      });
  112 |  });
  113 |  });
      |  ^
  114 |  
  [39m
[90m [2mΓ¥»[22m 
failureErrorWithLog n
ode_modules/esbuild/l
ib/main.js:[2m1467:1
5[22m[39m
[90m [2mΓ¥»[22m no
de_modules/esbuild/li
b/main.js:[2m736:50
[22m[39m
[90m [2mΓ¥»[22m re
sponseCallbacks.<comp
uted> node_modules/es
build/lib/main.js:[2
m603:9[22m[39m
[90m [2mΓ¥»[22m 
handleIncomingPacket 
node_modules/esbuild/
lib/main.js:[2m658:1
2[22m[39m
[90m [2mΓ¥»[22m So
cket.readFromStdout n
ode_modules/esbuild/l
ib/main.js:[2m581:7
[22m[39m

[31m[2mΓÄ»ΓÄ»ΓÄ»ΓÄ»
ΓÄ»ΓÄ»ΓÄ»ΓÄ»ΓÄ»ΓÄ»ΓÄ»
ΓÄ»ΓÄ»ΓÄ»ΓÄ»ΓÄ»ΓÄ»ΓÄ»
ΓÄ»ΓÄ»ΓÄ»ΓÄ»ΓÄ»ΓÄ»[1/
1]ΓÄ»[22m[39m


[2m Test Files [22m [1m[31m1 failed[39m[22m[90m (1)[39m
[2m      Tests [22m [2mno tests[22m
[2m   Start at [22m 23:01:49
[2m   Duration [22m 128ms

[1m[41m FAIL [49m[22m [31mTests failed. Watching for file changes...[39m
       [2mpress [22m[1mh[22m[2m to show help[22m[2m, [22m[2mpress [22m[1mq[22m[2m to quit[22m
c[3J[1m[44m RERUN [49m[22m [34m[2msrc/services/__tests__/outingService.test.ts [22m[34mx2 [34m[39m
       [2m Filename pattern: [22m[34msrc/services/__tests__/outingService.test.ts[39m


[31mΓÄ»ΓÄ»ΓÄ»ΓÄ»ΓÄ»Γ
Ä»[39m[1m[41m 
Failed Suites 1 [49m
[22m[31mΓÄ»ΓÄ»ΓÄ»ΓÄ
»ΓÄ»ΓÄ»ΓÄ»[39m

[41m[1m FAIL 
[22m[49m src/servic
es/__tests__/outingSe
rvice.test.ts[2m [ s
rc/services/__tests__
/outingService.test.t
s ][22m
[31m[1mError[22m: 
Transform failed 
with 1 error:
C:/Users/uplan/OneDri
ve/Desktop/dormlink/s
rc/services/__tests__
/outingService.test.t
s:113:0: ERROR: 
Unexpected "}"[39m
  Plugin: [35mvite:e
sbuild[39m
  File: [36mC:/Users
/uplan/OneDrive/Deskt
op/dormlink/src/servi
ces/__tests__/outingS
ervice.test.ts[39m:1
13:0
[33m  
  [33mUnexpected 
"}"[33m
  111 |      });
  112 |  });
  113 |  });
      |  ^
  114 |  
  [39m
[90m [2mΓ¥»[22m 
failureErrorWithLog n
ode_modules/esbuild/l
ib/main.js:[2m1467:1
5[22m[39m
[90m [2mΓ¥»[22m no
de_modules/esbuild/li
b/main.js:[2m736:50
[22m[39m
[90m [2mΓ¥»[22m re
sponseCallbacks.<comp
uted> node_modules/es
build/lib/main.js:[2
m603:9[22m[39m
[90m [2mΓ¥»[22m 
handleIncomingPacket 
node_modules/esbuild/
lib/main.js:[2m658:1
2[22m[39m
[90m [2mΓ¥»[22m So
cket.readFromStdout n
ode_modules/esbuild/l
ib/main.js:[2m581:7
[22m[39m

[31m[2mΓÄ»ΓÄ»ΓÄ»ΓÄ»
ΓÄ»ΓÄ»ΓÄ»ΓÄ»ΓÄ»ΓÄ»ΓÄ»
ΓÄ»ΓÄ»ΓÄ»ΓÄ»ΓÄ»ΓÄ»ΓÄ»
ΓÄ»ΓÄ»ΓÄ»ΓÄ»ΓÄ»ΓÄ»[1/
1]ΓÄ»[22m[39m


[2m Test Files [22m [1m[31m1 failed[39m[22m[90m (1)[39m
[2m      Tests [22m [2mno tests[22m
[2m   Start at [22m 23:01:51
[2m   Duration [22m 184ms

[1m[41m FAIL [49m[22m [31mTests failed. Watching for file changes...[39m
       [2mpress [22m[1mh[22m[2m to show help[22m[2m, [22m[2mpress [22m[1mq[22m[2m to quit[22m
c[3J[1m[44m RERUN [49m[22m [34m[2msrc/services/__tests__/outingService.test.ts [22m[34mx3 [34m[39m
       [2m Filename pattern: [22m[34msrc/services/__tests__/outingService.test.ts[39m

[90mstdout[2m | src/services/__tests__/outingService.test.ts[2m > [22m[2mOuting Service[2m > [22m[2mrequestOuting[2m > [22m[2mgenerates approval link and token on request
[22m[39maddDoc calls: [
  [
    [90mundefined[39m,
    {
      uid: [32m'123'[39m,
      studentName: [32m'Test Student'[39m,
      departureDate: [32m'2026-01-01'[39m,
      departureTime: [32m'10:00'[39m,
      reason: [32m'Test'[39m,
      selectedGuardian: [36m[Object][39m,
      status: [32m'requested'[39m,
      guardianApprovalStatus: [32m'pending'[39m,
      facultyApprovalStatus: [32m'pending'[39m,
      guardianApprovalToken: [32m's3tjevca46c9hh3crsvm3d'[39m,
      guardianApprovalLink: [32m'http://localhost:3000/guardian/approve/s3tjevca46c9hh3crsvm3d'[39m,
      guardianApprovalExpiresAt: [35m2026-01-09T17:32:33.436Z[39m,
      createdAt: [90mundefined[39m
    }
  ]
]

 [32mΓ£ô[39m src/services/__tests__/outingService.test.ts [2m([22m[2m4 tests[22m[2m)[22m[32m 18[2mms[22m[39m

[2m Test Files [22m [1m[32m1 passed[39m[22m[90m (1)[39m
[2m      Tests [22m [1m[32m4 passed[39m[22m[90m (4)[39m
[2m   Start at [22m 23:02:31
[2m   Duration [22m 216ms

[1m[42m PASS [49m[22m [32mWaiting for file changes...[39m
       [2mpress [22m[1mh[22m[2m to show help[22m[2m, [22m[2mpress [22m[1mq[22m[2m to quit[22m
[33mTest removed...[39m[2m [ src/services/__tests__/outingService.test.ts ]
[22m
c[3J[1m[44m RERUN [49m[22m [34m[2msrc/services/__tests__/outingService.test.ts [22m[34mx4 [34m[39m
       [2m Filename pattern: [22m[34msrc/services/__tests__/outingService.test.ts[39m

 [32mΓ£ô[39m src/services/__tests__/outingService.test.ts [2m([22m[2m3 tests[22m[2m)[22m[32m 6[2mms[22m[39m

[2m Test Files [22m [1m[32m1 passed[39m[22m[90m (1)[39m
[2m      Tests [22m [1m[32m3 passed[39m[22m[90m (3)[39m
[2m   Start at [22m 00:11:51
[2m   Duration [22m 225ms

[1m[42m PASS [49m[22m [32mWaiting for file changes...[39m
       [2mpress [22m[1mh[22m[2m to show help[22m[2m, [22m[2mpress [22m[1mq[22m[2m to quit[22m
c[3J[1m[44m RERUN [49m[22m [34m[2msrc/services/outingService.ts [22m[34mx5 [34m[39m
       [2m Filename pattern: [22m[34msrc/services/__tests__/outingService.test.ts[39m

 [32mΓ£ô[39m src/services/__tests__/outingService.test.ts [2m([22m[2m3 tests[22m[2m)[22m[32m 12[2mms[22m[39m

[2m Test Files [22m [1m[32m1 passed[39m[22m[90m (1)[39m
[2m      Tests [22m [1m[32m3 passed[39m[22m[90m (3)[39m
[2m   Start at [22m 00:33:58
[2m   Duration [22m 655ms

[1m[42m PASS [49m[22m [32mWaiting for file changes...[39m
       [2mpress [22m[1mh[22m[2m to show help[22m[2m, [22m[2mpress [22m[1mq[22m[2m to quit[22m
c[3J[1m[44m RERUN [49m[22m [34m[2msrc/services/outingService.ts [22m[34mx6 [34m[39m
       [2m Filename pattern: [22m[34msrc/services/__tests__/outingService.test.ts[39m

 [31mΓ¥»[39m src/services/__tests__/outingService.test.ts [2m([22m[2m3 tests[22m[2m | [22m[31m1 failed[39m[2m)[22m[32m 19[2mms[22m[39m
     [32mΓ£ô[39m should create an outing request with all strict fields[32m 8[2mms[22m[39m
     [32mΓ£ô[39m should retrieve outing by token[32m 1[2mms[22m[39m
[31m     [31m├ù[31m should process faculty approval and generate QR[39m[32m 7[2mms[22m[39m

[31mΓÄ»ΓÄ»ΓÄ»ΓÄ»ΓÄ»Γ
Ä»ΓÄ»[39m[1m[41m 
Failed Tests 1 [49m
[22m[31mΓÄ»ΓÄ»ΓÄ»ΓÄ»
ΓÄ»ΓÄ»ΓÄ»[39m

[41m[1m FAIL 
[22m[49m src/servic
es/__tests__/outingSe
rvice.test.ts[2m > 
[22moutingService[2m
 > [22mshould 
process faculty 
approval and 
generate QR
[31m[1mAssertionErr
or[22m: expected 
"vi.fn()" to be 
called with 
arguments: [ 
undefined, ObjectCont
aining{ΓÇª} ][90m

Received: 

[1m  1st vi.fn() 
call:

[22m[2m  [[22m
[2m    
undefined,[22m
[32m-   
ObjectContaining 
{[90m
[31m+   {[90m
[31m+     
"approvedAt": 
undefined,[90m
[2m      "facultyApp
rovalStatus": 
"approved",[22m
[32m-     "qrData": 
StringContaining "OUT
ING-outing-123-",[90
m
[32m-     "status": 
"qr_generated",[90m
[31m+     "qrData": 
"OUTING-outing-123-A8
EHREV",[90m
[31m+     "status": 
"faculty_approved",[
90m
[2m    },[22m
[2m  ][22m
[31m[90m

Number of calls: 
[1m1[22m
[31m[39m
[36m [2mΓ¥»[22m sr
c/services/__tests__/
outingService.test.ts
:[2m82:27[22m[39m

[2m Test Files [22m [1m[31m1 failed[39m[22m[90m (1)[39m
[2m      Tests [22m [1m[31m1 failed[39m[22m[2m | [22m[1m[32m2 passed[39m[22m[90m (3)[39m
[2m   Start at [22m 00:34:29
[2m   Duration [22m 370ms

[1m[41m FAIL [49m[22m [31mTests failed. Watching for file changes...[39m
       [2mpress [22m[1mh[22m[2m to show help[22m[2m, [22m[2mpress [22m[1mq[22m[2m to quit[22m
    [90m 80| [39m  
      
[35mawait[39m outin
gService[33m.[39m[
34mfacultyAction[39m
([32m'outing-123'[3
9m[33m,[39m [32m'a
pproved'[39m)[33m;
[39m
    [90m 81| [39m
    [90m 82| [39m  
      expect(updateDo
c).toHaveBeenCalledWi
th(undefined, 
expect.objecΓÇª
    [90m   | [39m  
                     
   [31m^[39m
    [90m 83| [39m  
          
status[33m:[39m [3
2m'qr_generated'[39m
[33m,[39m
    [90m 84| [39m  
          facultyAppr
ovalStatus[33m:[39m
 [32m'approved'[39m
[33m,[39m

[31m[2mΓÄ»ΓÄ»ΓÄ»ΓÄ»
ΓÄ»ΓÄ»ΓÄ»ΓÄ»ΓÄ»ΓÄ»ΓÄ»
ΓÄ»ΓÄ»ΓÄ»ΓÄ»ΓÄ»ΓÄ»ΓÄ»
ΓÄ»ΓÄ»ΓÄ»ΓÄ»ΓÄ»ΓÄ»[1/
1]ΓÄ»[22m[39m

c[3J[1m[44m RERUN [49m[22m [34m[2msrc/services/__tests__/outingService.test.ts [22m[34mx7 [34m[39m
       [2m Filename pattern: [22m[34msrc/services/__tests__/outingService.test.ts[39m

 [32mΓ£ô[39m src/services/__tests__/outingService.test.ts [2m([22m[2m3 tests[22m[2m)[22m[32m 11[2mms[22m[39m

[2m Test Files [22m [1m[32m1 passed[39m[22m[90m (1)[39m
[2m      Tests [22m [1m[32m3 passed[39m[22m[90m (3)[39m
[2m   Start at [22m 00:35:09
[2m   Duration [22m 298ms

[1m[42m PASS [49m[22m [32mWaiting for file changes...[39m
       [2mpress [22m[1mh[22m[2m to show help[22m[2m, [22m[2mpress [22m[1mq[22m[2m to quit[22m
c[3J[1m[44m RERUN [49m[22m [34m[2msrc/services/__tests__/outingService.test.ts [22m[34mx8 [34m[39m
       [2m Filename pattern: [22m[34msrc/services/__tests__/outingService.test.ts[39m

 [32mΓ£ô[39m src/services/__tests__/outingService.test.ts [2m([22m[2m3 tests[22m[2m)[22m[32m 11[2mms[22m[39m

[2m Test Files [22m [1m[32m1 passed[39m[22m[90m (1)[39m
[2m      Tests [22m [1m[32m3 passed[39m[22m[90m (3)[39m
[2m   Start at [22m 00:36:23
[2m   Duration [22m 414ms

[1m[42m PASS [49m[22m [32mWaiting for file changes...[39m
       [2mpress [22m[1mh[22m[2m to show help[22m[2m, [22m[2mpress [22m[1mq[22m[2m to quit[22m
c[3J[1m[44m RERUN [49m[22m [34m[2msrc/services/outingService.ts [22m[34mx9 [34m[39m
       [2m Filename pattern: [22m[34msrc/services/__tests__/outingService.test.ts[39m

 [31mΓ¥»[39m src/services/__tests__/outingService.test.ts [2m([22m[2m3 tests[22m[2m | [22m[31m1 failed[39m[2m)[22m[32m 16[2mms[22m[39m
     [32mΓ£ô[39m should create an outing request with all strict fields[32m 4[2mms[22m[39m
     [32mΓ£ô[39m should retrieve outing by token[32m 1[2mms[22m[39m
[31m     [31m├ù[31m should process faculty approval and generate QR[39m[32m 10[2mms[22m[39m

[2m Test Files [22m [1m[31m1 failed[39m[22m[90m (1)[39m
[2m      Tests [22m [1m[31m1 failed[39m[22m[2m | [22m[1m[32m2 passed[39m[22m[90m (3)[39m
[2m   Start at [22m 00:38:24
[2m   Duration [22m 324ms


[31mΓÄ»ΓÄ»ΓÄ»ΓÄ»ΓÄ»Γ
Ä»ΓÄ»[39m[1m[41m 
Failed Tests 1 [49m
[22m[31mΓÄ»ΓÄ»ΓÄ»ΓÄ»
ΓÄ»ΓÄ»ΓÄ»[39m

[1m[41m FAIL [49m[22m [31mTests failed. Watching for file changes...[39m
[41m[1m FAIL 
[22m[49m src/servic
es/__tests__/outingSe
rvice.test.ts[2m > 
[22moutingService[2m
 > [22mshould 
process faculty 
approval and 
generate QR
[31m[1mAssertionErr
or[22m: expected 
"vi.fn()" to be 
called with 
arguments: [ 
undefined, ObjectCont
aining{ΓÇª} ][90m

Received: 

[1m  1st vi.fn() 
call:

[22m[2m  [[22m
[2m    
undefined,[22m
[32m-   
ObjectContaining 
{[90m
[31m+   {[90m
[31m+     
"approvedAt": 
undefined,[90m
[2m      "facultyApp
rovalStatus": 
"approved",[22m
[32m-     "qrData": 
StringContaining "OUT
ING-outing-123-",[90
m
[2m      "status": "
faculty_approved",[2
2m
[2m    },[22m
[2m  ][22m
[31m[90m

Number of calls: 
[1m1[22m
[31m[39m
[36m [2mΓ¥»[22m sr
c/services/__tests__/
outingService.test.ts
:[2m82:27[22m[39m
    [90m 80| [39m  
      
[35mawait[39m outin
gService[33m.[39m[
34mfacultyAction[39m
([32m'outing-123'[3
9m[33m,[39m [32m'a
pproved'[39m)[33m;
[39m
    [90m 81| [39m
    [90m 82| [39m  
      expect(updateDo
c).toHaveBeenCalledWi
th(undefined, 
expect.objecΓÇª
    [90m   | [39m  
                     
   [31m^[39m
    [90m 83| [39m  
          
status[33m:[39m [3
2m'faculty_approved'
[39m[33m,[39m
    [90m 84| [39m  
          facultyAppr
ovalStatus[33m:[39m
 [32m'approved'[39m
[33m,[39m

       [2mpress [22m[1mh[22m[2m to show help[22m[2m, [22m[2mpress [22m[1mq[22m[2m to quit[22m
[31m[2mΓÄ»ΓÄ»ΓÄ»ΓÄ»
ΓÄ»ΓÄ»ΓÄ»ΓÄ»ΓÄ»ΓÄ»ΓÄ»
ΓÄ»ΓÄ»ΓÄ»ΓÄ»ΓÄ»ΓÄ»ΓÄ»
ΓÄ»ΓÄ»ΓÄ»ΓÄ»ΓÄ»ΓÄ»[1/
1]ΓÄ»[22m[39m

c[3J[1m[44m RERUN [49m[22m [34m[2msrc/services/outingService.ts [22m[34mx10 [34m[39m
       [2m Filename pattern: [22m[34msrc/services/__tests__/outingService.test.ts[39m

 [31mΓ¥»[39m src/services/__tests__/outingService.test.ts [2m([22m[2m3 tests[22m[2m | [22m[31m1 failed[39m[2m)[22m[32m 15[2mms[22m[39m
     [32mΓ£ô[39m should create an outing request with all strict fields[32m 6[2mms[22m[39m
     [32mΓ£ô[39m should retrieve outing by token[32m 1[2mms[22m[39m
[31m     [31m├ù[31m should process faculty approval and generate QR[39m[32m 7[2mms[22m[39m

[31mΓÄ»ΓÄ»ΓÄ»ΓÄ»ΓÄ»Γ
Ä»ΓÄ»[39m[1m[41m 
Failed Tests 1 [49m
[22m[31mΓÄ»ΓÄ»ΓÄ»ΓÄ»
ΓÄ»ΓÄ»ΓÄ»[39m

[41m[1m FAIL 
[22m[49m src/servic
es/__tests__/outingSe
rvice.test.ts[2m > 
[22moutingService[2m
 > [22mshould 
process faculty 
approval and 
generate QR
[31m[1mAssertionErr
or[22m: expected 
"vi.fn()" to be 
called with 
arguments: [ 
undefined, ObjectCont
aining{ΓÇª} ][90m

Received: 

[1m  1st vi.fn() 
call:

[22m[2m  [[22m
[2m    
undefined,[22m
[32m-   
ObjectContaining 
{[90m
[31m+   {[90m
[31m+     
"approvedAt": 
undefined,[90m
[2m      "facultyApp
rovalStatus": 
"approved",[22m
[32m-     "qrData": 
StringContaining "OUT
ING-outing-123-",[90
m
[2m      "status": "
faculty_approved",[2
2m
[2m    },[22m
[2m  ][22m
[31m[90m

Number of calls: 
[1m1[22m
[31m[39m
[36m [2mΓ¥»[22m sr
c/services/__tests__/
outingService.test.ts
:[2m82:27[22m[39m
    [90m 80| [39m  
      
[35mawait[39m outin
gService[33m.[39m[
34mfacultyAction[39m
([32m'outing-123'[3
9m[33m,[39m [32m'a
pproved'[39m)[33m;
[39m
    [90m 81| [39m
    [90m 82| [39m  
      expect(updateDo
c).toHaveBeenCalledWi
th(undefined, 
expect.objecΓÇª
    [90m   | [39m  
                     
   [31m^[39m
    [90m 83| [39m  
          
status[33m:[39m [3
2m'faculty_approved'
[39m[33m,[39m
    [90m 84| [39m  
          facultyAppr
ovalStatus[33m:[39m
 [32m'approved'[39m
[33m,[39m


[31m[2mΓÄ»ΓÄ»ΓÄ»ΓÄ»
ΓÄ»ΓÄ»ΓÄ»ΓÄ»ΓÄ»ΓÄ»ΓÄ»
ΓÄ»ΓÄ»ΓÄ»ΓÄ»ΓÄ»ΓÄ»ΓÄ»
ΓÄ»ΓÄ»ΓÄ»ΓÄ»ΓÄ»ΓÄ»[1/
1]ΓÄ»[22m[39m

[2m Test Files [22m [1m[31m1 failed[39m[22m[90m (1)[39m
[2m      Tests [22m [1m[31m1 failed[39m[22m[2m | [22m[1m[32m2 passed[39m[22m[90m (3)[39m
[2m   Start at [22m 00:38:39
[2m   Duration [22m 319ms

[1m[41m FAIL [49m[22m [31mTests failed. Watching for file changes...[39m
       [2mpress [22m[1mh[22m[2m to show help[22m[2m, [22m[2mpress [22m[1mq[22m[2m to quit[22m
c[3J[1m[44m RERUN [49m[22m [34m[2msrc/services/__tests__/outingService.test.ts [22m[34mx11 [34m[39m
       [2m Filename pattern: [22m[34msrc/services/__tests__/outingService.test.ts[39m

 [32mΓ£ô[39m src/services/__tests__/outingService.test.ts [2m([22m[2m4 tests[22m[2m)[22m[32m 27[2mms[22m[39m

[2m Test Files [22m [1m[32m1 passed[39m[22m[90m (1)[39m
[2m      Tests [22m [1m[32m4 passed[39m[22m[90m (4)[39m
[2m   Start at [22m 00:40:32
[2m   Duration [22m 412ms

[1m[42m PASS [49m[22m [32mWaiting for file changes...[39m
       [2mpress [22m[1mh[22m[2m to show help[22m[2m, [22m[2mpress [22m[1mq[22m[2m to quit[22m
c[3J[1m[44m RERUN [49m[22m [34m[2msrc/services/outingService.ts [22m[34mx12 [34m[39m
       [2m Filename pattern: [22m[34msrc/services/__tests__/outingService.test.ts[39m

 [31mΓ¥»[39m src/services/__tests__/outingService.test.ts [2m([22m[2m4 tests[22m[2m | [22m[31m1 failed[39m[2m)[22m[32m 52[2mms[22m[39m
     [32mΓ£ô[39m should create an outing request with all strict fields[32m 33[2mms[22m[39m
     [32mΓ£ô[39m should retrieve outing by token[32m 1[2mms[22m[39m
[31m     [31m├ù[31m should process faculty approval without auto-QR[39m[32m 13[2mms[22m[39m
     [32mΓ£ô[39m should generate QR when activated by student[32m 2[2mms[22m[39m

[31mΓÄ»ΓÄ»ΓÄ»ΓÄ»ΓÄ»Γ
Ä»ΓÄ»[39m[1m[41m 
Failed Tests 1 [49m
[22m[31mΓÄ»ΓÄ»ΓÄ»ΓÄ»
ΓÄ»ΓÄ»ΓÄ»[39m

[41m[1m FAIL 
[22m[49m src/servic
es/__tests__/outingSe
rvice.test.ts[2m > 
[22moutingService[2m
 > [22mshould 
process faculty 
approval without 
auto-QR
[31m[1mAssertionErr
or[22m: expected 
"vi.fn()" to be 
called with 
arguments: [ 
undefined, ObjectCont
aining{ΓÇª} ][90m

Received: 

[1m  1st vi.fn() 
call:

[22m[2m  [[22m
[2m    
undefined,[22m
[32m-   
ObjectContaining 
{[90m
[31m+   {[90m
[31m+     
"approvedAt": 
undefined,[90m
[2m      "facultyApp
rovalStatus": 
"approved",[22m
[32m-     "status": 
"faculty_approved",[
90m
[31m+     "qrData": 
"OUTING-outing-123-OC
CNBGC",[90m
[31m+     "status": 
"qr_generated",[90m
[2m    },[22m
[2m  ][22m
[31m[90m

Number of calls: 
[1m1[22m
[31m[39m
[36m [2mΓ¥»[22m sr
c/services/__tests__/
outingService.test.ts
:[2m82:27[22m[39m
    [90m 80| [39m  
      
[35mawait[39m outin
gService[33m.[39m[
34mfacultyAction[39m
([32m'outing-123'[3
9m[33m,[39m [32m'a
pproved'[39m)[33m;
[39m
    [90m 81| [39m
    [90m 82| [39m  
      expect(updateDo
c).toHaveBeenCalledWi
th(undefined, 
expect.objecΓÇª
    [90m   | [39m  
                     
   [31m^[39m
    [90m 83| [39m  
          
status[33m:[39m [3
2m'faculty_approved'
[39m[33m,[39m
    [90m 84| [39m  
          facultyAppr
ovalStatus[33m:[39m
 [32m'approved'[39m

[31m[2mΓÄ»ΓÄ»ΓÄ»ΓÄ»
ΓÄ»ΓÄ»ΓÄ»ΓÄ»ΓÄ»ΓÄ»ΓÄ»
ΓÄ»ΓÄ»ΓÄ»ΓÄ»ΓÄ»ΓÄ»ΓÄ»
ΓÄ»ΓÄ»ΓÄ»ΓÄ»ΓÄ»ΓÄ»[1/
1]ΓÄ»[22m[39m


[2m Test Files [22m [1m[31m1 failed[39m[22m[90m (1)[39m
[2m      Tests [22m [1m[31m1 failed[39m[22m[2m | [22m[1m[32m3 passed[39m[22m[90m (4)[39m
[2m   Start at [22m 00:42:24
[2m   Duration [22m 923ms

[1m[41m FAIL [49m[22m [31mTests failed. Watching for file changes...[39m
       [2mpress [22m[1mh[22m[2m to show help[22m[2m, [22m[2mpress [22m[1mq[22m[2m to quit[22m
c[3J[1m[44m RERUN [49m[22m [34m[2msrc/services/__tests__/outingService.test.ts [22m[34mx13 [34m[39m
       [2m Filename pattern: [22m[34msrc/services/__tests__/outingService.test.ts[39m

 [32mΓ£ô[39m src/services/__tests__/outingService.test.ts [2m([22m[2m3 tests[22m[2m)[22m[32m 30[2mms[22m[39m

[2m Test Files [22m [1m[32m1 passed[39m[22m[90m (1)[39m
[2m      Tests [22m [1m[32m3 passed[39m[22m[90m (3)[39m
[2m   Start at [22m 00:42:40
[2m   Duration [22m 539ms

[1m[42m PASS [49m[22m [32mWaiting for file changes...[39m
       [2mpress [22m[1mh[22m[2m to show help[22m[2m, [22m[2mpress [22m[1mq[22m[2m to quit[22m
c[3J[1m[44m RERUN [49m[22m [34m[2msrc/services/outingService.ts [22m[34mx14 [34m[39m
       [2m Filename pattern: [22m[34msrc/services/__tests__/outingService.test.ts[39m

 [31mΓ¥»[39m src/services/__tests__/outingService.test.ts [2m([22m[2m3 tests[22m[2m | [22m[31m1 failed[39m[2m)[22m[32m 36[2mms[22m[39m
     [32mΓ£ô[39m should create an outing request with all strict fields[32m 6[2mms[22m[39m
     [32mΓ£ô[39m should retrieve outing by token[32m 1[2mms[22m[39m
[31m     [31m├ù[31m should process faculty approval and generate QR[39m[32m 26[2mms[22m[39m

[31mΓÄ»ΓÄ»ΓÄ»ΓÄ»ΓÄ»Γ
Ä»ΓÄ»[39m[1m[41m 
Failed Tests 1 [49m
[22m[31mΓÄ»ΓÄ»ΓÄ»ΓÄ»
ΓÄ»ΓÄ»ΓÄ»[39m

[41m[1m FAIL 
[22m[49m src/servic
es/__tests__/outingSe
rvice.test.ts[2m > 
[22moutingService[2m
 > [22mshould 
process faculty 
approval and 
generate QR
[31m[1mAssertionErr
or[22m: expected 
"vi.fn()" to be 
called with 
arguments: [ 
undefined, ObjectCont
aining{ΓÇª} ][90m

Received: 

[1m  1st vi.fn() 
call:

[22m[2m  [[22m
[2m    
undefined,[22m
[32m-   
ObjectContaining 
{[90m
[31m+   {[90m
[31m+     
"approvedAt": 
undefined,[90m
[2m      "facultyApp
rovalStatus": 
"approved",[22m
[32m-     "qrData": 
StringContaining "OUT
ING-outing-123-",[90
m
[32m-     "status": 
"qr_generated",[90m
[31m+     "status": 
"faculty_approved",[
90m
[2m    },[22m
[2m  ][22m
[31m[90m

Number of calls: 
[1m1[22m
[31m[39m
[36m [2mΓ¥»[22m sr
c/services/__tests__/
outingService.test.ts
:[2m82:27[22m[39m

[2m Test Files [22m [1m[31m1 failed[39m[22m[90m (1)[39m
[2m      Tests [22m [1m[31m1 failed[39m[22m[2m | [22m[1m[32m2 passed[39m[22m[90m (3)[39m
[2m   Start at [22m 00:45:25
[2m   Duration [22m 676ms

    [90m 80| [39m  
      
[35mawait[39m outin
gService[33m.[39m[
34mfacultyAction[39m
([32m'outing-123'[3
9m[33m,[39m [32m'a
pproved'[39m)[33m;
[39m
[1m[41m FAIL [49m[22m [31mTests failed. Watching for file changes...[39m
    [90m 81| [39m
    [90m 82| [39m  
      expect(updateDo
c).toHaveBeenCalledWi
th(undefined, 
expect.objecΓÇª
    [90m   | [39m  
                     
   [31m^[39m
    [90m 83| [39m  
          
status[33m:[39m [3
2m'qr_generated'[39m
[33m,[39m
    [90m 84| [39m  
          facultyAppr
ovalStatus[33m:[39m
 [32m'approved'[39m
[33m,[39m

       [2mpress [22m[1mh[22m[2m to show help[22m[2m, [22m[2mpress [22m[1mq[22m[2m to quit[22m
[31m[2mΓÄ»ΓÄ»ΓÄ»ΓÄ»
ΓÄ»ΓÄ»ΓÄ»ΓÄ»ΓÄ»ΓÄ»ΓÄ»
ΓÄ»ΓÄ»ΓÄ»ΓÄ»ΓÄ»ΓÄ»ΓÄ»
ΓÄ»ΓÄ»ΓÄ»ΓÄ»ΓÄ»ΓÄ»[1/
1]ΓÄ»[22m[39m

c[3J[1m[44m RERUN [49m[22m [34m[2msrc/services/outingService.ts [22m[34mx15 [34m[39m
       [2m Filename pattern: [22m[34msrc/services/__tests__/outingService.test.ts[39m

 [31mΓ¥»[39m src/services/__tests__/outingService.test.ts [2m([22m[2m3 tests[22m[2m | [22m[31m1 failed[39m[2m)[22m[32m 35[2mms[22m[39m
     [32mΓ£ô[39m should create an outing request with all strict fields[32m 12[2mms[22m[39m
     [32mΓ£ô[39m should retrieve outing by token[32m 1[2mms[22m[39m
[31m     [31m├ù[31m should process faculty approval and generate QR[39m[32m 18[2mms[22m[39m

[2m Test Files [22m [1m[31m1 failed[39m[22m[90m (1)[39m
[2m      Tests [22m [1m[31m1 failed[39m[22m[2m | [22m[1m[32m2 passed[39m[22m[90m (3)[39m
[2m   Start at [22m 00:46:22
[2m   Duration [22m 767ms

[1m[41m FAIL [49m[22m [31mTests failed. Watching for file changes...[39m
       [2mpress [22m[1mh[22m[2m to show help[22m[2m, [22m[2mpress [22m[1mq[22m[2m to quit[22m

[31mΓÄ»ΓÄ»ΓÄ»ΓÄ»ΓÄ»Γ
Ä»ΓÄ»[39m[1m[41m 
Failed Tests 1 [49m
[22m[31mΓÄ»ΓÄ»ΓÄ»ΓÄ»
ΓÄ»ΓÄ»ΓÄ»[39m

[41m[1m FAIL 
[22m[49m src/servic
es/__tests__/outingSe
rvice.test.ts[2m > 
[22moutingService[2m
 > [22mshould 
process faculty 
approval and 
generate QR
[31m[1mAssertionErr
or[22m: expected 
"vi.fn()" to be 
called with 
arguments: [ 
undefined, ObjectCont
aining{ΓÇª} ][90m

Received: 

[1m  1st vi.fn() 
call:

[22m[2m  [[22m
[2m    
undefined,[22m
[32m-   
ObjectContaining 
{[90m
[31m+   {[90m
[31m+     
"approvedAt": 
undefined,[90m
[2m      "facultyApp
rovalStatus": 
"approved",[22m
[32m-     "qrData": 
StringContaining "OUT
ING-outing-123-",[90
m
[32m-     "status": 
"qr_generated",[90m
[31m+     "qrData": 
"OUTING-outing-123-SW
XESXT",[90m
[31m+     "status": 
"faculty_approved",[
90m
[2m    },[22m
[2m  ][22m
[31m[90m

Number of calls: 
[1m1[22m
[31m[39m
[36m [2mΓ¥»[22m sr
c/services/__tests__/
outingService.test.ts
:[2m82:27[22m[39m
    [90m 80| [39m  
      
[35mawait[39m outin
gService[33m.[39m[
34mfacultyAction[39m
([32m'outing-123'[3
9m[33m,[39m [32m'a
pproved'[39m)[33m;
[39m
    [90m 81| [39m
    [90m 82| [39m  
      expect(updateDo
c).toHaveBeenCalledWi
th(undefined, 
expect.objecΓÇª
    [90m   | [39m  
                     
   [31m^[39m
    [90m 83| [39m  
          
status[33m:[39m [3
2m'qr_generated'[39m
[33m,[39m
    [90m 84| [39m  
          facultyAppr
ovalStatus[33m:[39m
 [32m'approved'[39m
[33m,[39m

[31m[2mΓÄ»ΓÄ»ΓÄ»ΓÄ»
ΓÄ»ΓÄ»ΓÄ»ΓÄ»ΓÄ»ΓÄ»ΓÄ»
ΓÄ»ΓÄ»ΓÄ»ΓÄ»ΓÄ»ΓÄ»ΓÄ»
ΓÄ»ΓÄ»ΓÄ»ΓÄ»ΓÄ»ΓÄ»[1/
1]ΓÄ»[22m[39m

c[3J[1m[44m RERUN [49m[22m [34m[2msrc/services/__tests__/outingService.test.ts [22m[34mx16 [34m[39m
       [2m Filename pattern: [22m[34msrc/services/__tests__/outingService.test.ts[39m

 [32mΓ£ô[39m src/services/__tests__/outingService.test.ts [2m([22m[2m3 tests[22m[2m)[22m[32m 15[2mms[22m[39m

[2m Test Files [22m [1m[32m1 passed[39m[22m[90m (1)[39m
[2m      Tests [22m [1m[32m3 passed[39m[22m[90m (3)[39m
[2m   Start at [22m 00:48:15
[2m   Duration [22m 714ms

[1m[42m PASS [49m[22m [32mWaiting for file changes...[39m
       [2mpress [22m[1mh[22m[2m to show help[22m[2m, [22m[2mpress [22m[1mq[22m[2m to quit[22m
c[3J[1m[44m RERUN [49m[22m [34m[2msrc/services/outingService.ts [22m[34mx17 [34m[39m
       [2m Filename pattern: [22m[34msrc/services/__tests__/outingService.test.ts[39m

 [32mΓ£ô[39m src/services/__tests__/outingService.test.ts [2m([22m[2m3 tests[22m[2m)[22m[32m 13[2mms[22m[39m

[2m Test Files [22m [1m[32m1 passed[39m[22m[90m (1)[39m
[2m      Tests [22m [1m[32m3 passed[39m[22m[90m (3)[39m
[2m   Start at [22m 00:54:24
[2m   Duration [22m 908ms

[1m[42m PASS [49m[22m [32mWaiting for file changes...[39m
       [2mpress [22m[1mh[22m[2m to show help[22m[2m, [22m[2mpress [22m[1mq[22m[2m to quit[22m
c[3J[1m[44m RERUN [49m[22m [34m[2mpackage.json [22m[34mx18 [34m[39m
       [2m Filename pattern: [22m[34msrc/services/__tests__/outingService.test.ts[39m

 [32mΓ£ô[39m src/services/__tests__/outingService.test.ts [2m([22m[2m3 tests[22m[2m)[22m[32m 25[2mms[22m[39m

[2m Test Files [22m [1m[32m1 passed[39m[22m[90m (1)[39m
[2m      Tests [22m [1m[32m3 passed[39m[22m[90m (3)[39m
[2m   Start at [22m 00:57:22
[2m   Duration [22m 500ms

[1m[42m PASS [49m[22m [32mWaiting for file changes...[39m
       [2mpress [22m[1mh[22m[2m to show help[22m[2m, [22m[2mpress [22m[1mq[22m[2m to quit[22m
c[3J[1m[44m RERUN [49m[22m [34m[2msrc/services/outingService.ts [22m[34mx19 [34m[39m
       [2m Filename pattern: [22m[34msrc/services/__tests__/outingService.test.ts[39m

 [32mΓ£ô[39m src/services/__tests__/outingService.test.ts [2m([22m[2m3 tests[22m[2m)[22m[32m 11[2mms[22m[39m

[2m Test Files [22m [1m[32m1 passed[39m[22m[90m (1)[39m
[2m      Tests [22m [1m[32m3 passed[39m[22m[90m (3)[39m
[2m   Start at [22m 02:37:58
[2m   Duration [22m 353ms

[1m[42m PASS [49m[22m [32mWaiting for file changes...[39m
       [2mpress [22m[1mh[22m[2m to show help[22m[2m, [22m[2mpress [22m[1mq[22m[2m to quit[22m
